../Drivers/CMSIS/Include/core_cm4.h:1938:34:void __NVIC_SystemReset()	4	static,ignoring_inline_asm
../Core/Inc/Motor.h:23:5:Motor::Motor(TIM_HandleTypeDef*, uint8_t, GPIO_TypeDef*, uint16_t)	24	static
../Core/Inc/Motor.h:41:10:void Motor::setSpeed(uint8_t)	24	static
../Core/Src/main.cpp:294:6:bool csvInit()	584	static
../Core/Src/main.cpp:326:6:bool csvDelete()	576	static
../Core/Src/main.cpp:345:6:bool csvLog(uint32_t, int, int, int, int, int, int, int, int, int, int, int, int, int)	920	static
../Core/Src/main.cpp:389:6:void handlePageEvent(ScreenEvent)	32	static
../Core/Src/main.cpp:480:7:float constrain(float, float, float)	24	static
../Core/Src/main.cpp:489:6:void handleHomeScreen(ScreenEvent)	8	static
../Core/Src/main.cpp:520:6:void applyServoControl()	16	static
../Core/Src/main.cpp:605:6:void updateUsageCounter()	16	static
../Core/Src/main.cpp:659:13:bool opticalSmokeActive()	8	static
../Core/Src/main.cpp:665:13:long int medianOf3(long int, long int, long int)	24	static
../Core/Src/main.cpp:672:6:void runMachine()	224	static,ignoring_inline_asm
../Core/Src/main.cpp:1546:6:void handleLndScreen2(ScreenEvent)	8	static
../Core/Src/main.cpp:1559:6:void handleConfig(ScreenEvent)	8	static
../Core/Src/main.cpp:1607:6:void handleCustomFeatures(ScreenEvent)	8	static
../Core/Src/main.cpp:1659:6:void handleSystemCheck(ScreenEvent)	8	static
../Core/Src/main.cpp:1698:6:void handleSelector(ScreenEvent)	8	static
../Core/Src/main.cpp:1740:6:void handleCalSequence1(ScreenEvent)	8	static
../Core/Src/main.cpp:1761:6:void handleCalSequence2(ScreenEvent)	8	static
../Core/Src/main.cpp:1782:6:void handleCalSequence3(ScreenEvent)	8	static
../Core/Src/main.cpp:1802:6:void handleCalSequence4(ScreenEvent)	8	static
../Core/Src/main.cpp:1816:6:void handleCalibrate1(ScreenEvent)	8	static
../Core/Src/main.cpp:1831:6:void handleCalibrate2(ScreenEvent)	16	static
../Core/Src/main.cpp:1850:6:void handleCalibrate3(ScreenEvent)	16	static
../Core/Src/main.cpp:1892:6:void handleCalibrate4(ScreenEvent)	8	static
../Core/Src/main.cpp:1913:6:void handleDone(ScreenEvent)	8	static
../Core/Src/main.cpp:1927:6:void handleConfigSaveFail(ScreenEvent)	8	static
../Core/Src/main.cpp:1935:6:void handleCalibrationSaveFail(ScreenEvent)	8	static
../Core/Src/main.cpp:1946:6:void handleFormatFail(ScreenEvent)	8	static
../Core/Src/main.cpp:1957:6:void handleFormatSuccess(ScreenEvent)	8	static
../Core/Src/main.cpp:1968:6:void handleCalibrationSaveSuccess(ScreenEvent)	8	static
../Core/Src/main.cpp:1980:6:void handleLighting(ScreenEvent)	8	static
../Core/Src/main.cpp:2002:6:void handleOutput(ScreenEvent)	8	static
../Core/Src/main.cpp:2035:6:void handleSettings(ScreenEvent)	8	static
../Core/Src/main.cpp:2090:6:void handleSupport(ScreenEvent)	8	static
../Core/Src/main.cpp:2103:6:void handleFanControl(ScreenEvent)	8	static
../Core/Src/main.cpp:2171:6:void handleSensors(ScreenEvent)	8	static
../Core/Src/main.cpp:2202:6:void handleSpoolHolders(ScreenEvent)	24	static
../Core/Src/main.cpp:2273:17:void HAL_TIM_PeriodElapsedCallback(TIM_HandleTypeDef*)	24	static,ignoring_inline_asm
../Core/Src/main.cpp:2286:17:void HAL_GPIO_EXTI_Callback(uint16_t)	16	static
../Core/Src/main.cpp:2294:17:void HAL_TIM_PWM_PulseFinishedCallback(TIM_HandleTypeDef*)	40	static
../Core/Src/main.cpp:2309:17:void HAL_UART_RxCpltCallback(UART_HandleTypeDef*)	16	static
../Core/Src/main.cpp:2367:6:bool readBme()	8	static
../Core/Src/main.cpp:2400:17:void hard_fault_handler_c(uint32_t*)	16	static
../Core/Src/main.cpp:2422:5:int main()	192	static,ignoring_inline_asm
../Core/Src/main.cpp:2716:6:void SystemClock_Config()	88	static
../Core/Src/main.cpp:2763:13:void MX_ADC1_Init()	24	static
../Core/Src/main.cpp:2815:13:void MX_I2C1_Init()	8	static
../Core/Src/main.cpp:2849:13:void MX_SPI2_Init()	8	static
../Core/Src/main.cpp:2887:13:void MX_TIM1_Init()	96	static
../Core/Src/main.cpp:2962:13:void MX_TIM2_Init()	64	static
../Core/Src/main.cpp:3021:13:void MX_TIM3_Init()	48	static
../Core/Src/main.cpp:3074:13:void MX_TIM5_Init()	48	static
../Core/Src/main.cpp:3125:13:void MX_TIM11_Init()	8	static
../Core/Src/main.cpp:3156:13:void MX_USART1_UART_Init()	8	static
../Core/Src/main.cpp:3189:13:void MX_USART2_UART_Init()	8	static
../Core/Src/main.cpp:3220:13:void MX_DMA_Init()	16	static
../Core/Src/main.cpp:3238:13:void MX_GPIO_Init()	40	static
../Core/Src/main.cpp:3311:6:bool isValidPmsData(volatile uint8_t*, int)	32	static
../Core/Src/main.cpp:3331:6:void process_pms_data(volatile uint8_t*, PmsData*)	16	static
../Core/Src/main.cpp:3350:6:void debug_pms_data(PmsData*)	152	static
../Core/Src/main.cpp:3385:6:void Error_Handler()	4	static,ignoring_inline_asm
../Core/Src/main.cpp:3393:1:void __static_initialization_and_destruction_0()	24	static
../Core/Src/main.cpp:3393:1:void __static_initialization_and_destruction_1()	8	static
../Core/Src/main.cpp:3393:1:cpp)	8	static
../Core/Src/main.cpp:3393:1:cpp)	8	static
