../Core/Inc/Motor.h:23:5:Motor::Motor(TIM_HandleTypeDef*, uint8_t, GPIO_TypeDef*, uint16_t)	24	static
../Core/Inc/Motor.h:37:13:int32_t Motor::map(int32_t, int32_t, int32_t, int32_t, int32_t)	24	static
../Core/Inc/Motor.h:41:10:void Motor::setSpeed(uint8_t)	32	static
../Core/Src/main.cpp:264:6:bool csvInit()	1144	static
../Core/Src/main.cpp:297:6:bool csvDelete()	1136	static
../Core/Src/main.cpp:317:6:bool csvLog(int, int, int, int, int, int, int, int, int, int, int, int, int)	1464	static
../Core/Src/main.cpp:347:6:bool saveFilamentData(char (*)[16], int*)	1168	static
../Core/Src/main.cpp:387:6:bool saveConfig(MachineState*)	1160	static
../Core/Src/main.cpp:483:6:bool loadFilamentData(char (*)[16], int*)	3224	static
../Core/Src/main.cpp:537:6:bool loadConfig(MachineState*)	3408	static
../Core/Src/main.cpp:633:6:void handlePageEvent(ScreenEvent)	32	static
../Core/Src/main.cpp:723:7:float constrain(float, float, float)	24	static
../Core/Src/main.cpp:732:6:void handleHomeScreen(ScreenEvent)	8	static
../Core/Src/main.cpp:758:6:void runMachine()	216	static
../Core/Src/main.cpp:1550:6:void handleLndScreen2(ScreenEvent)	8	static
../Core/Src/main.cpp:1563:6:void handleConfig(ScreenEvent)	8	static
../Core/Src/main.cpp:1604:6:void handleCustomFeatures(ScreenEvent)	8	static
../Core/Src/main.cpp:1656:6:void handleSystemCheck(ScreenEvent)	8	static
../Core/Src/main.cpp:1695:6:void handleSelector(ScreenEvent)	8	static
../Core/Src/main.cpp:1730:6:void handleCalSequence1(ScreenEvent)	8	static
../Core/Src/main.cpp:1751:6:void handleCalSequence2(ScreenEvent)	8	static
../Core/Src/main.cpp:1767:6:void handleCalSequence3(ScreenEvent)	8	static
../Core/Src/main.cpp:1787:6:void handleCalSequence4(ScreenEvent)	8	static
../Core/Src/main.cpp:1801:6:void handleCalibrate1(ScreenEvent)	8	static
../Core/Src/main.cpp:1816:6:void handleCalibrate2(ScreenEvent)	16	static
../Core/Src/main.cpp:1835:6:void handleCalibrate3(ScreenEvent)	8	static
../Core/Src/main.cpp:1861:6:void handleCalibrate4(ScreenEvent)	8	static
../Core/Src/main.cpp:1877:6:void handleDone(ScreenEvent)	8	static
../Core/Src/main.cpp:1891:6:void handleConfigSaveFail(ScreenEvent)	8	static
../Core/Src/main.cpp:1899:6:void handleCalibrationSaveFail(ScreenEvent)	8	static
../Core/Src/main.cpp:1910:6:void handleFormatFail(ScreenEvent)	8	static
../Core/Src/main.cpp:1921:6:void handleFormatSuccess(ScreenEvent)	8	static
../Core/Src/main.cpp:1932:6:void handleCalibrationSaveSuccess(ScreenEvent)	8	static
../Core/Src/main.cpp:1944:6:void handleLighting(ScreenEvent)	8	static
../Core/Src/main.cpp:1966:6:void handleOutput(ScreenEvent)	8	static
../Core/Src/main.cpp:2003:6:void handleSettings(ScreenEvent)	8	static
../Core/Src/main.cpp:2054:6:void handleSupport(ScreenEvent)	8	static
../Core/Src/main.cpp:2067:6:void handleFanControl(ScreenEvent)	8	static
../Core/Src/main.cpp:2140:6:void handleSensors(ScreenEvent)	8	static
../Core/Src/main.cpp:2171:6:void handleSpoolHolders(ScreenEvent)	24	static
../Core/Src/main.cpp:2242:17:void HAL_TIM_PeriodElapsedCallback(TIM_HandleTypeDef*)	24	static,ignoring_inline_asm
../Core/Src/main.cpp:2255:17:void HAL_GPIO_EXTI_Callback(uint16_t)	16	static
../Core/Src/main.cpp:2263:17:void HAL_TIM_PWM_PulseFinishedCallback(TIM_HandleTypeDef*)	40	static
../Core/Src/main.cpp:2278:17:void HAL_UART_RxCpltCallback(UART_HandleTypeDef*)	16	static
../Core/Src/main.cpp:2336:6:bool readBme()	8	static
../Core/Src/main.cpp:2356:17:void hard_fault_handler_c(uint32_t*)	16	static
../Core/Src/main.cpp:2368:5:int main()	192	static,ignoring_inline_asm
../Core/Src/main.cpp:2582:6:void SystemClock_Config()	88	static
../Core/Src/main.cpp:2629:13:void MX_ADC1_Init()	24	static
../Core/Src/main.cpp:2681:13:void MX_I2C1_Init()	8	static
../Core/Src/main.cpp:2715:13:void MX_SPI2_Init()	8	static
../Core/Src/main.cpp:2753:13:void MX_TIM1_Init()	96	static
../Core/Src/main.cpp:2828:13:void MX_TIM2_Init()	64	static
../Core/Src/main.cpp:2887:13:void MX_TIM3_Init()	48	static
../Core/Src/main.cpp:2940:13:void MX_TIM5_Init()	48	static
../Core/Src/main.cpp:2989:13:void MX_TIM11_Init()	8	static
../Core/Src/main.cpp:3020:13:void MX_USART1_UART_Init()	8	static
../Core/Src/main.cpp:3053:13:void MX_USART2_UART_Init()	8	static
../Core/Src/main.cpp:3084:13:void MX_DMA_Init()	16	static
../Core/Src/main.cpp:3102:13:void MX_GPIO_Init()	40	static
../Core/Src/main.cpp:3175:6:bool isValidPmsData(volatile uint8_t*, int)	32	static
../Core/Src/main.cpp:3192:6:void process_pms_data(volatile uint8_t*, PmsData*)	16	static
../Core/Src/main.cpp:3211:6:void debug_pms_data(PmsData*)	152	static
../Core/Src/main.cpp:3246:6:void Error_Handler()	4	static,ignoring_inline_asm
../Core/Src/main.cpp:3254:1:void __static_initialization_and_destruction_0()	24	static
../Core/Src/main.cpp:3254:1:void __static_initialization_and_destruction_1()	8	static
../Core/Src/main.cpp:3254:1:cpp)	8	static
../Core/Src/main.cpp:3254:1:cpp)	8	static
