../Core/Src/tuning.cpp:102:13:void writeField(EepromTuning*, const TuneParam*, int32_t)	32	static
../Core/Src/tuning.cpp:119:17:uint16_t tuneCrc(const EepromTuning*)	40	static
../Core/Src/tuning.cpp:137:6:void Tuning_LoadDefaults(EepromTuning*)	24	static
../Core/Src/tuning.cpp:156:13:void Tuning_Migrate(EepromTuning*)	16	static
../Core/Src/tuning.cpp:186:13:bool Tuning_LoadFromEeprom(EepromTuning*)	16	static
../Core/Src/tuning.cpp:193:6:bool Tuning_Save()	8	static
../Core/Src/tuning.cpp:208:13:bool splitKeyValue(char*, char**, char**)	48	static
../Core/Src/tuning.cpp:250:13:void applyKey(EepromTuning*, const char*, const char*)	40	static
../Core/Src/tuning.cpp:274:13:bool readTuningFile(EepromTuning*, uint32_t*)	688	static
../Core/Src/tuning.cpp:307:13:bool Tuning_ApplyFromSD()	88	static
../Core/Src/tuning.cpp:332:6:void Tuning_Init()	24	static
