../Core/Src/eeprom_storage.cpp:39:13:void ms_to_cfg(const MachineState*, EepromConfig*)	16	static
../Core/Src/eeprom_storage.cpp:110:13:void cfg_to_ms(const EepromConfig*, MachineState*)	16	static
../Core/Src/eeprom_storage.cpp:179:6:bool EEPROM_IsValid()	16	static
../Core/Src/eeprom_storage.cpp:188:9:uint8_t EEPROM_ScanAddress()	16	static
../Core/Src/eeprom_storage.cpp:210:6:bool EEPROM_Format(MachineState*, char (*)[16], int*)	32	static
../Core/Src/eeprom_storage.cpp:230:6:bool EEPROM_SaveConfig(MachineState*)	104	static
../Core/Src/eeprom_storage.cpp:244:6:bool EEPROM_LoadConfig(MachineState*)	104	static
../Core/Src/eeprom_storage.cpp:262:6:bool EEPROM_SaveFilamentData(char (*)[16], int*)	120	static
../Core/Src/eeprom_storage.cpp:286:6:bool EEPROM_LoadFilamentData(char (*)[16], int*)	128	static
../Core/Src/eeprom_storage.cpp:323:10:uint32_t EEPROM_NextBootId()	16	static
../Core/Src/eeprom_storage.cpp:356:6:bool EEPROM_SaveUsage(uint32_t)	32	static
../Core/Src/eeprom_storage.cpp:367:6:bool EEPROM_LoadUsage(uint32_t*)	32	static
../Core/Src/eeprom_storage.cpp:395:6:bool EEPROM_SaveFilamentRev(uint32_t)	32	static
../Core/Src/eeprom_storage.cpp:406:6:bool EEPROM_LoadFilamentRev(uint32_t*)	32	static
