../Core/Src/Screen.cpp:8:1:Screen::Screen(UART_HandleTypeDef*)	16	static
../Core/Src/Screen.cpp:11:1:Screen::~Screen()	16	static
../Core/Src/Screen.cpp:14:6:void Screen::init()	16	static
../Core/Src/Screen.cpp:20:13:ScreenEvent Screen::readData(const char*)	32	static
../Core/Src/Screen.cpp:38:6:void Screen::setDim(int)	32	static
../Core/Src/Screen.cpp:45:6:void Screen::off()	16	static
../Core/Src/Screen.cpp:49:6:void Screen::sendCommand(const char*)	16	static
../Core/Src/Screen.cpp:55:6:void Screen::setPage(uint8_t, MachineState&)	40	static
../Core/Src/Screen.cpp:61:6:void Screen::setPic(const char*, int)	96	static
../Core/Src/Screen.cpp:67:6:void Screen::setText(const char*, const char*)	96	static
../Core/Src/Screen.cpp:72:6:void Screen::setText(const char*, int)	96	static
../Core/Src/Screen.cpp:77:6:void Screen::setVal(const char*, int)	96	static
../Core/Src/Screen.cpp:82:6:void Screen::setAph(const char*, int)	96	static
../Core/Src/Screen.cpp:87:6:void Screen::setText(const char*, long int)	96	static
../Core/Src/Screen.cpp:93:6:void Screen::setButtonState(const char*, bool)	96	static
../Core/Src/Screen.cpp:98:6:void Screen::setCheckboxState(int, bool)	96	static
../Core/Src/Screen.cpp:103:6:void Screen::setButtonState(int, bool)	96	static
../Core/Src/Screen.cpp:109:6:void Screen::sendData(const char*)	24	static
../Core/Src/Screen.cpp:112:6:void Screen::sendData(int)	40	static
../Core/Src/Screen.cpp:125:6:void Screen::sendEnd()	24	static
