../Drivers/STM32F4xx_HAL_Driver/Src/stm32f4xx_hal_cortex.c:141:6:HAL_NVIC_SetPriorityGrouping	0	static
../Drivers/STM32F4xx_HAL_Driver/Src/stm32f4xx_hal_cortex.c:163:6:HAL_NVIC_SetPriority	12	static
../Drivers/STM32F4xx_HAL_Driver/Src/stm32f4xx_hal_cortex.c:185:6:HAL_NVIC_EnableIRQ	0	static,ignoring_inline_asm
../Drivers/STM32F4xx_HAL_Driver/Src/stm32f4xx_hal_cortex.c:201:6:HAL_NVIC_DisableIRQ	0	static,ignoring_inline_asm
../Drivers/STM32F4xx_HAL_Driver/Src/stm32f4xx_hal_cortex.c:214:6:HAL_NVIC_SystemReset	0	static,ignoring_inline_asm
../Drivers/STM32F4xx_HAL_Driver/Src/stm32f4xx_hal_cortex.c:227:10:HAL_SYSTICK_Config	0	static
../Drivers/STM32F4xx_HAL_Driver/Src/stm32f4xx_hal_cortex.c:256:6:HAL_MPU_Disable	0	static,ignoring_inline_asm
../Drivers/STM32F4xx_HAL_Driver/Src/stm32f4xx_hal_cortex.c:279:6:HAL_MPU_Enable	0	static,ignoring_inline_asm
../Drivers/STM32F4xx_HAL_Driver/Src/stm32f4xx_hal_cortex.c:296:6:HAL_MPU_EnableRegion	0	static
../Drivers/STM32F4xx_HAL_Driver/Src/stm32f4xx_hal_cortex.c:312:6:HAL_MPU_DisableRegion	0	static
../Drivers/STM32F4xx_HAL_Driver/Src/stm32f4xx_hal_cortex.c:330:6:HAL_MPU_ConfigRegion	0	static
../Drivers/STM32F4xx_HAL_Driver/Src/stm32f4xx_hal_cortex.c:368:6:HAL_CORTEX_ClearEvent	0	static,ignoring_inline_asm
../Drivers/STM32F4xx_HAL_Driver/Src/stm32f4xx_hal_cortex.c:378:10:HAL_NVIC_GetPriorityGrouping	0	static
../Drivers/STM32F4xx_HAL_Driver/Src/stm32f4xx_hal_cortex.c:405:6:HAL_NVIC_GetPriority	16	static
../Drivers/STM32F4xx_HAL_Driver/Src/stm32f4xx_hal_cortex.c:420:6:HAL_NVIC_SetPendingIRQ	0	static
../Drivers/STM32F4xx_HAL_Driver/Src/stm32f4xx_hal_cortex.c:438:10:HAL_NVIC_GetPendingIRQ	0	static
../Drivers/STM32F4xx_HAL_Driver/Src/stm32f4xx_hal_cortex.c:454:6:HAL_NVIC_ClearPendingIRQ	0	static
../Drivers/STM32F4xx_HAL_Driver/Src/stm32f4xx_hal_cortex.c:471:10:HAL_NVIC_GetActive	0	static
../Drivers/STM32F4xx_HAL_Driver/Src/stm32f4xx_hal_cortex.c:488:6:HAL_SYSTICK_CLKSourceConfig	0	static
../Drivers/STM32F4xx_HAL_Driver/Src/stm32f4xx_hal_cortex.c:515:13:HAL_SYSTICK_Callback	0	static
../Drivers/STM32F4xx_HAL_Driver/Src/stm32f4xx_hal_cortex.c:506:6:HAL_SYSTICK_IRQHandler	8	static
