../Core/Src/HX711.cpp:14:1:HX711::HX711(GPIO_TypeDef*, uint16_t, GPIO_TypeDef*, uint16_t)	8	static
../Core/Src/HX711.cpp:21:6:void HX711::init()	40	static
../Core/Src/HX711.cpp:36:6:bool HX711::isReady()	8	static
../Core/Src/HX711.cpp:40:6:void HX711::waitForReady()	24	static
../Core/Src/HX711.cpp:68:9:int32_t HX711::readRaw()	16	static,ignoring_inline_asm
../Core/Src/HX711.cpp:96:6:void HX711::tare()	8	static
../Core/Src/HX711.cpp:99:9:int32_t HX711::readAverage(uint8_t)	24	static
../Core/Src/HX711.cpp:53:6:bool HX711::calibrate(long int)	16	static
../Core/Src/HX711.cpp:108:6:void HX711::setScale(long int)	0	static
../Core/Src/HX711.cpp:111:7:long int HX711::getScale()	0	static
../Core/Src/HX711.cpp:114:6:void HX711::setOffset(long int)	0	static
../Core/Src/HX711.cpp:117:7:long int HX711::getOffset()	0	static
../Core/Src/HX711.cpp:121:6:long int HX711::getWeight()	8	static
