../Core/Src/main.cpp:1817:6:void handleConfigSaveFail(ScreenEvent)	0	static
../Core/Src/main.cpp:3050:6:0(PmsData*)	144	static
../Core/Inc/Motor.h:41:10:void Motor::setSpeed(uint8_t)	0	static
../Core/Src/main.cpp:269:6:bool csvInit()	1136	static
../Core/Src/main.cpp:298:6:bool csvDelete()	1128	static
../Core/Src/main.cpp:318:6:bool csvLog(int, int, int, int, int, int, int, int, int, int, int, int, int)	1440	static
../Core/Src/main.cpp:344:6:bool saveFilamentData(char (*)[16], int*)	1152	static
../Core/Src/main.cpp:384:6:bool saveConfig(MachineState*)	1144	static
../Core/Src/main.cpp:502:6:bool loadFilamentData(char (*)[16], int*)	3216	static
../Core/Src/main.cpp:556:6:bool loadConfig(MachineState*)	3192	static
../Core/Src/main.cpp:754:7:float constrain(float, float, float)	0	static
../Core/Src/main.cpp:763:6:void handleHomeScreen(ScreenEvent)	8	static
../Core/Src/main.cpp:1482:6:void handleLndScreen2(ScreenEvent)	0	static
../Core/Src/main.cpp:1495:6:void handleConfig(ScreenEvent)	8	static
../Core/Src/main.cpp:1536:6:void handleCustomFeatures(ScreenEvent)	8	static
../Core/Src/main.cpp:1588:6:void handleSystemCheck(ScreenEvent)	8	static
../Core/Src/main.cpp:1627:6:void handleSelector(ScreenEvent)	8	static
../Core/Src/main.cpp:1662:6:void handleCalSequence1(ScreenEvent)	8	static
../Core/Src/main.cpp:1683:6:void handleCalSequence2(ScreenEvent)	8	static
../Core/Src/main.cpp:1699:6:void handleCalSequence3(ScreenEvent)	8	static
../Core/Src/main.cpp:1719:6:void handleCalSequence4(ScreenEvent)	8	static
../Core/Src/main.cpp:1733:6:void handleCalibrate1(ScreenEvent)	8	static
../Core/Src/main.cpp:1748:6:void handleCalibrate2(ScreenEvent)	8	static
../Core/Src/main.cpp:1767:6:void handleCalibrate3(ScreenEvent)	4	static
../Core/Src/main.cpp:1787:6:void handleCalibrate4(ScreenEvent)	8	static
../Core/Src/main.cpp:1803:6:void handleDone(ScreenEvent)	8	static
../Core/Src/main.cpp:1817:6:void handleConfigSaveFail(ScreenEvent)	0	static
../Core/Src/main.cpp:1825:6:void handleCalibrationSaveFail(ScreenEvent)	0	static
../Core/Src/main.cpp:1836:6:void handleFormatFail(ScreenEvent)	0	static
../Core/Src/main.cpp:1847:6:void handleFormatSuccess(ScreenEvent)	24	static
../Core/Src/main.cpp:1858:6:void handleCalibrationSaveSuccess(ScreenEvent)	24	static
../Core/Src/main.cpp:1870:6:void handleLighting(ScreenEvent)	0	static
../Core/Src/main.cpp:1892:6:void handleOutput(ScreenEvent)	8	static
../Core/Src/main.cpp:1931:6:void handleSettings(ScreenEvent)	8	static
../Core/Src/main.cpp:1968:6:void handleSupport(ScreenEvent)	0	static
../Core/Src/main.cpp:1981:6:void handleFanControl(ScreenEvent)	0	static
../Core/Src/main.cpp:2039:6:void handleSensors(ScreenEvent)	8	static
../Core/Src/main.cpp:2070:6:void handleSpoolHolders(ScreenEvent)	0	static
../Core/Src/main.cpp:664:6:void handlePageEvent(ScreenEvent)	24	static
../Core/Src/main.cpp:2139:17:void HAL_TIM_PeriodElapsedCallback(TIM_HandleTypeDef*)	12	static
../Core/Src/main.cpp:2149:17:void HAL_GPIO_EXTI_Callback(uint16_t)	0	static
../Core/Src/main.cpp:2157:17:void HAL_TIM_PWM_PulseFinishedCallback(TIM_HandleTypeDef*)	32	static
../Core/Src/main.cpp:2172:17:void HAL_UART_RxCpltCallback(UART_HandleTypeDef*)	8	static
../Core/Src/main.cpp:2222:6:bool readBme()	16	static
../Core/Src/main.cpp:2243:17:void hard_fault_handler_c(uint32_t*)	0	static
../Core/Src/main.cpp:2450:6:void SystemClock_Config()	88	static,ignoring_inline_asm
../Core/Src/main.cpp:3014:6:bool isValidPmsData(volatile uint8_t*, int)	0	static
../Core/Src/main.cpp:789:6:void runMachine()	88	static
../Core/Src/main.cpp:3031:6:void process_pms_data(volatile uint8_t*, PmsData*)	0	static
../Core/Src/main.cpp:2255:5:int main()	216	static,ignoring_inline_asm
../Core/Src/main.cpp:3050:6:void debug_pms_data(PmsData*)	0	static
../Core/Src/main.cpp:3085:6:void Error_Handler()	0	static,ignoring_inline_asm
../Core/Src/main.cpp:3092:1:cpp)	40	static
../Core/Src/main.cpp:3092:1:cpp)	8	static
