../Core/Src/cJSON.c:661:17:parse_hex4	12	static
../Core/Src/cJSON.c:819:19:parse_string	32	static
../Core/Src/cJSON.c:1085:22:buffer_skip_whitespace	8	static
../Core/Src/cJSON.c:1907:15:get_array_item	0	static
../Core/Src/cJSON.c:571:13:update_offset	16	static
../Core/Src/cJSON.c:485:23:ensure	16	static
../Core/Src/cJSON.c:949:19:print_string_ptr	40	static
../Core/Src/cJSON.c:1936:15:get_object_item	24	static
../Core/Src/cJSON.c:2012:19:add_item_to_array	0	static
../Core/Src/cJSON.c:188:23:cJSON_strdup.constprop	16	static
../Core/Src/cJSON.c:2067:19:add_item_to_object.constprop	24	static
../Core/Src/cJSON.c:241:15:cJSON_New_Item.isra	8	static
../Core/Src/cJSON.c:1991:15:create_reference.constprop	8	static
../Core/Src/cJSON.c:1418:19:print_value	88	static
../Core/Src/cJSON.c:1234:23:print.constprop	56	static
../Core/Src/cJSON.c:94:28:cJSON_GetErrorPtr	0	static
../Core/Src/cJSON.c:124:27:cJSON_Version	16	static
../Core/Src/cJSON.c:209:20:cJSON_InitHooks	12	static
../Core/Src/cJSON.c:253:20:cJSON_Delete	24	static
../Core/Src/cJSON.c:1363:19:parse_value	40	static
../Core/Src/cJSON.c:411:22:cJSON_SetNumberHelper	16	static
../Core/Src/cJSON.c:1142:23:cJSON_ParseWithLengthOpts	64	static
../Core/Src/cJSON.c:1126:23:cJSON_ParseWithOpts	16	static
../Core/Src/cJSON.c:1222:23:cJSON_Parse	0	static
../Core/Src/cJSON.c:1227:23:cJSON_ParseWithLength	0	static
../Core/Src/cJSON.c:1302:22:cJSON_Print	0	static
../Core/Src/cJSON.c:1307:22:cJSON_PrintUnformatted	0	static
../Core/Src/cJSON.c:1312:22:cJSON_PrintBuffered	64	static
../Core/Src/cJSON.c:1343:26:cJSON_PrintPreallocated	64	static
../Core/Src/cJSON.c:1884:19:cJSON_GetArraySize	0	static
../Core/Src/cJSON.c:1926:23:cJSON_GetArrayItem	0	static
../Core/Src/cJSON.c:1968:23:cJSON_GetObjectItem	0	static
../Core/Src/cJSON.c:1973:23:cJSON_GetObjectItemCaseSensitive	0	static
../Core/Src/cJSON.c:1978:26:cJSON_HasObjectItem	8	static
../Core/Src/cJSON.c:2046:26:cJSON_AddItemToArray	0	static
../Core/Src/cJSON.c:2104:26:cJSON_AddItemToObject	0	static
../Core/Src/cJSON.c:2110:26:cJSON_AddItemToObjectCS	0	static
../Core/Src/cJSON.c:2115:26:cJSON_AddItemReferenceToArray	8	static
../Core/Src/cJSON.c:2125:26:cJSON_AddItemReferenceToObject	16	static
../Core/Src/cJSON.c:2243:23:cJSON_DetachItemViaPointer	8	static
../Core/Src/cJSON.c:2279:23:cJSON_DetachItemFromArray	8	static
../Core/Src/cJSON.c:2289:20:cJSON_DeleteItemFromArray	8	static
../Core/Src/cJSON.c:2294:23:cJSON_DetachItemFromObject	8	static
../Core/Src/cJSON.c:2301:23:cJSON_DetachItemFromObjectCaseSensitive	8	static
../Core/Src/cJSON.c:2308:20:cJSON_DeleteItemFromObject	8	static
../Core/Src/cJSON.c:2313:20:cJSON_DeleteItemFromObjectCaseSensitive	8	static
../Core/Src/cJSON.c:2319:26:cJSON_InsertItemInArray	8	static
../Core/Src/cJSON.c:2353:26:cJSON_ReplaceItemViaPointer	16	static
../Core/Src/cJSON.c:2402:26:cJSON_ReplaceItemInArray	8	static
../Core/Src/cJSON.c:2446:23:cJSON_CreateNull	8	static
../Core/Src/cJSON.c:2135:22:cJSON_AddNullToObject	16	static
../Core/Src/cJSON.c:2457:23:cJSON_CreateTrue	8	static
../Core/Src/cJSON.c:2147:22:cJSON_AddTrueToObject	16	static
../Core/Src/cJSON.c:2468:23:cJSON_CreateFalse	8	static
../Core/Src/cJSON.c:2159:22:cJSON_AddFalseToObject	16	static
../Core/Src/cJSON.c:2479:23:cJSON_CreateBool	8	static
../Core/Src/cJSON.c:2171:22:cJSON_AddBoolToObject	16	static
../Core/Src/cJSON.c:2490:23:cJSON_CreateNumber	16	static
../Core/Src/cJSON.c:2183:22:cJSON_AddNumberToObject	16	static
../Core/Src/cJSON.c:2516:23:cJSON_CreateString	16	static
../Core/Src/cJSON.c:2195:22:cJSON_AddStringToObject	16	static
../Core/Src/cJSON.c:2533:23:cJSON_CreateStringReference	8	static
../Core/Src/cJSON.c:2545:23:cJSON_CreateObjectReference	8	static
../Core/Src/cJSON.c:2556:23:cJSON_CreateArrayReference	8	static
../Core/Src/cJSON.c:2566:23:cJSON_CreateRaw	16	static
../Core/Src/cJSON.c:2207:22:cJSON_AddRawToObject	16	static
../Core/Src/cJSON.c:2583:23:cJSON_CreateArray	8	static
../Core/Src/cJSON.c:2231:22:cJSON_AddArrayToObject	16	static
../Core/Src/cJSON.c:2594:23:cJSON_CreateObject	8	static
../Core/Src/cJSON.c:2219:22:cJSON_AddObjectToObject	16	static
../Core/Src/cJSON.c:2606:23:cJSON_CreateIntArray	24	static
../Core/Src/cJSON.c:2646:23:cJSON_CreateFloatArray	24	static
../Core/Src/cJSON.c:2686:23:cJSON_CreateDoubleArray	24	static
../Core/Src/cJSON.c:2726:23:cJSON_CreateStringArray	24	static
../Core/Src/cJSON.c:2774:9:cJSON_Duplicate_rec	32	static
../Core/Src/cJSON.c:2769:23:cJSON_Duplicate	0	static
../Core/Src/cJSON.c:2909:20:cJSON_Minify	8	static
../Core/Src/cJSON.c:2957:26:cJSON_IsInvalid	0	static
../Core/Src/cJSON.c:2967:26:cJSON_IsFalse	0	static
../Core/Src/cJSON.c:2977:26:cJSON_IsTrue	0	static
../Core/Src/cJSON.c:2988:26:cJSON_IsBool	0	static
../Core/Src/cJSON.c:2997:26:cJSON_IsNull	0	static
../Core/Src/cJSON.c:3007:26:cJSON_IsNumber	0	static
../Core/Src/cJSON.c:109:22:cJSON_GetNumberValue	8	static
../Core/Src/cJSON.c:3017:26:cJSON_IsString	0	static
../Core/Src/cJSON.c:99:22:cJSON_GetStringValue	8	static
../Core/Src/cJSON.c:3027:26:cJSON_IsArray	0	static
../Core/Src/cJSON.c:3037:26:cJSON_IsObject	0	static
../Core/Src/cJSON.c:3047:26:cJSON_IsRaw	0	static
../Core/Src/cJSON.c:3057:26:cJSON_Compare	40	static
../Core/Src/cJSON.c:3182:22:cJSON_malloc	0	static
../Core/Src/cJSON.c:3187:20:cJSON_free	0	static
../Core/Src/cJSON.c:430:21:cJSON_SetValuestring	24	static
../Core/Src/cJSON.c:2412:19:replace_item_in_object	24	static
../Core/Src/cJSON.c:2435:26:cJSON_ReplaceItemInObject	0	static
../Core/Src/cJSON.c:2440:26:cJSON_ReplaceItemInObjectCaseSensitive	0	static
