../Core/Src/Screen.cpp:11:1:Screen::Screen(UART_HandleTypeDef*)	0	static
../Core/Src/Screen.cpp:14:1:Screen::~Screen()	0	static
../Core/Src/Screen.cpp:17:6:void Screen::init()	0	static
../Core/Src/Screen.cpp:78:13:ScreenEvent Screen::readData(const char*)	20	static
../Core/Src/Screen.cpp:167:6:void Screen::sendData(const char*)	16	static
../Core/Src/Screen.cpp:170:6:void Screen::sendData(int)	24	static
../Core/Src/Screen.cpp:183:6:void Screen::sendEnd()	16	static
../Core/Src/Screen.cpp:107:6:void Screen::sendCommand(const char*)	8	static
../Core/Src/Screen.cpp:96:6:void Screen::setDim(int)	24	static
../Core/Src/Screen.cpp:103:6:void Screen::off()	0	static
../Core/Src/Screen.cpp:113:6:void Screen::setPage(uint8_t, MachineState&)	24	static
../Core/Src/Screen.cpp:119:6:void Screen::setPic(const char*, int)	80	static
../Core/Src/Screen.cpp:125:6:void Screen::setText(const char*, const char*)	80	static
../Core/Src/Screen.cpp:22:6:void Screen::updateScreenInfo()	40	static
../Core/Src/Screen.cpp:130:6:void Screen::setText(const char*, int)	80	static
../Core/Src/Screen.cpp:135:6:void Screen::setVal(const char*, int)	80	static
../Core/Src/Screen.cpp:140:6:void Screen::setAph(const char*, int)	80	static
../Core/Src/Screen.cpp:145:6:void Screen::setText(const char*, long int)	80	static
../Core/Src/Screen.cpp:151:6:void Screen::setButtonState(const char*, bool)	80	static
../Core/Src/Screen.cpp:156:6:void Screen::setCheckboxState(int, bool)	80	static
../Core/Src/Screen.cpp:161:6:void Screen::setButtonState(int, bool)	80	static
